exports[`Icon should render correctly 1`] = `"<span class style=\"color: tomato;\"></span>"`;
