exports[`Icon should render correctly 1`] = `"<a class=\"slide-nav--left\" href=\"/link\"><span class></span></a>"`;
